// Jest Snapshot v1, https://goo.gl/fbAQLP

exports[`Testing App component expect to render App component 1`] = `ShallowWrapper {}`;
